Requirement already satisfied: fastapi in c:\users\honas\appdata\local\programs\python\python313\lib\site-packages (0.141.1)
Requirement already satisfied: uvicorn in c:\users\honas\appdata\local\programs\python\python313\lib\site-packages (0.52.1)
Requirement already satisfied: sqlalchemy in c:\users\honas\appdata\local\programs\python\python313\lib\site-packages (2.0.51)
Requirement already satisfied: aiosqlite in c:\users\honas\appdata\local\programs\python\python313\lib\site-packages (0.22.1)
Requirement already satisfied: pydantic in c:\users\honas\appdata\local\programs\python\python313\lib\site-packages (2.13.4)
Requirement already satisfied: pydantic-settings in c:\users\honas\appdata\local\programs\python\python313\lib\site-packages (2.14.2)
Requirement already satisfied: httpx in c:\users\honas\appdata\local\programs\python\python313\lib\site-packages (0.28.1)
Requirement already satisfied: pytest in c:\users\honas\appdata\local\programs\python\python313\lib\site-packages (9.1.1)
Requirement already satisfied: pytest-asyncio in c:\users\honas\appdata\local\programs\python\python313\lib\site-packages (1.4.0)
Requirement already satisfied: pytest-cov in c:\users\honas\appdata\local\programs\python\python313\lib\site-packages (7.1.0)
Requirement already satisfied: starlette>=0.46.0 in c:\users\honas\appdata\local\programs\python\python313\lib\site-packages (from fastapi) (1.3.1)
Requirement already satisfied: typing-extensions>=4.8.0 in c:\users\honas\appdata\local\programs\python\python313\lib\site-packages (from fastapi) (4.16.0)
Requirement already satisfied: typing-inspection>=0.4.2 in c:\users\honas\appdata\local\programs\python\python313\lib\site-packages (from fastapi) (0.4.2)
Requirement already satisfied: annotated-doc>=0.0.2 in c:\users\honas\appdata\local\programs\python\python313\lib\site-packages (from fastapi) (0.0.5)
Requirement already satisfied: click>=7.0 in c:\users\honas\appdata\local\programs\python\python313\lib\site-packages (from uvicorn) (8.4.2)
Requirement already satisfied: h11>=0.8 in c:\users\honas\appdata\local\programs\python\python313\lib\site-packages (from uvicorn) (0.16.0)
Requirement already satisfied: greenlet>=1 in c:\users\honas\appdata\local\programs\python\python313\lib\site-packages (from sqlalchemy) (3.5.4)
Requirement already satisfied: annotated-types>=0.6.0 in c:\users\honas\appdata\local\programs\python\python313\lib\site-packages (from pydantic) (0.8.0)
Requirement already satisfied: pydantic-core==2.46.4 in c:\users\honas\appdata\local\programs\python\python313\lib\site-packages (from pydantic) (2.46.4)
Requirement already satisfied: python-dotenv>=0.21.0 in c:\users\honas\appdata\local\programs\python\python313\lib\site-packages (from pydantic-settings) (1.2.2)
Requirement already satisfied: anyio in c:\users\honas\appdata\local\programs\python\python313\lib\site-packages (from httpx) (4.14.2)
Requirement already satisfied: certifi in c:\users\honas\appdata\local\programs\python\python313\lib\site-packages (from httpx) (2026.7.22)
Requirement already satisfied: httpcore==1.* in c:\users\honas\appdata\local\programs\python\python313\lib\site-packages (from httpx) (1.0.9)
Requirement already satisfied: idna in c:\users\honas\appdata\local\programs\python\python313\lib\site-packages (from httpx) (3.18)
Requirement already satisfied: colorama>=0.4 in c:\users\honas\appdata\local\programs\python\python313\lib\site-packages (from pytest) (0.4.6)
Requirement already satisfied: iniconfig>=1.0.1 in c:\users\honas\appdata\local\programs\python\python313\lib\site-packages (from pytest) (2.3.0)
Requirement already satisfied: packaging>=22 in c:\users\honas\appdata\local\programs\python\python313\lib\site-packages (from pytest) (26.2)
Requirement already satisfied: pluggy<2,>=1.5 in c:\users\honas\appdata\local\programs\python\python313\lib\site-packages (from pytest) (1.6.0)
Requirement already satisfied: pygments>=2.7.2 in c:\users\honas\appdata\local\programs\python\python313\lib\site-packages (from pytest) (2.20.0)
Requirement already satisfied: coverage>=7.10.6 in c:\users\honas\appdata\local\programs\python\python313\lib\site-packages (from coverage[toml]>=7.10.6->pytest-cov) (7.15.3)
